Creating temporary archive of 31 file(s) totalling 397.6 KiB before compression.
Some files were not included in the source upload.

Check the gcloud log [C:\Users\Mohammad Ahmad\AppData\Roaming\gcloud\logs\2026.05.20\22.45.38.419883.log] to see which files and the contents of the
default gcloudignore file used (see `$ gcloud topic gcloudignore` to learn
more).

Uploading tarball of [.] to [gs://forex-platform-69a74_cloudbuild/source/1779299139.080128-362ec74a21444cb1af743f8e0d0d9b6e.tgz]
Created [https://cloudbuild.googleapis.com/v1/projects/forex-platform-69a74/locations/global/builds/b66e828d-0d3c-4f8f-8f87-a9a3e9c6bc68].
Logs are available at [ https://console.cloud.google.com/cloud-build/builds/b66e828d-0d3c-4f8f-8f87-a9a3e9c6bc68?project=340241029103 ].
Waiting for build to complete. Polling interval: 1 second(s).
----------------------------- REMOTE BUILD OUTPUT ------------------------------
starting build "b66e828d-0d3c-4f8f-8f87-a9a3e9c6bc68"

FETCHSOURCE
Fetching storage object: gs://forex-platform-69a74_cloudbuild/source/1779299139.080128-362ec74a21444cb1af743f8e0d0d9b6e.tgz#1779299141636215
Copying gs://forex-platform-69a74_cloudbuild/source/1779299139.080128-362ec74a21444cb1af743f8e0d0d9b6e.tgz#1779299141636215...
/ [0 files][    0.0 B/ 96.2 KiB]                                                / [1 files][ 96.2 KiB/ 96.2 KiB]                                                
Operation completed over 1 objects/96.2 KiB.
BUILD
Already have image (with digest): gcr.io/cloud-builders/gcb-internal
Sending build context to Docker daemon  433.7kB
Step 1/7 : FROM node:20-alpine
20-alpine: Pulling from library/node
6a0ac1617861: Already exists
4feea04c1543: Pulling fs layer
b2cbbfe903b0: Pulling fs layer
fff4e2c1b189: Pulling fs layer
b2cbbfe903b0: Verifying Checksum
b2cbbfe903b0: Download complete
fff4e2c1b189: Verifying Checksum
fff4e2c1b189: Download complete
4feea04c1543: Verifying Checksum
4feea04c1543: Download complete
4feea04c1543: Pull complete
b2cbbfe903b0: Pull complete
fff4e2c1b189: Pull complete
Digest: sha256:fb4cd12c85ee03686f6af5362a0b0d56d50c58a04632e6c0fb8363f609372293
Status: Downloaded newer image for node:20-alpine
 11cedc39e663
Step 2/7 : WORKDIR /app
 Running in 41f0b6df5b71
Removing intermediate container 41f0b6df5b71
 a7ddd7be862f
Step 3/7 : COPY package*.json ./
 ca0df4dbf9bf
Step 4/7 : RUN npm install
 Running in 93ead6047c6a
npm warn deprecated rimraf@3.0.2: Rimraf versions prior to v4 are no longer supported
npm warn deprecated npmlog@6.0.2: This package is no longer supported.
npm warn deprecated prebuild-install@7.1.3: No longer maintained. Please contact the author of the relevant native addon; alternatives are available.
npm warn deprecated inflight@1.0.6: This module is not supported, and leaks memory. Do not use it. Check out lru-cache if you want a good and tested way to coalesce async requests by a key value, which is much more comprehensive and powerful.
npm warn deprecated glob@7.2.3: Old versions of glob are not supported, and contain widely publicized security vulnerabilities, which have been fixed in the current version. Please update. Support for old versions may be purchased (at exorbitant rates) by contacting i@izs.me
npm warn deprecated gauge@4.0.4: This package is no longer supported.
npm warn deprecated are-we-there-yet@3.0.1: This package is no longer supported.
npm warn deprecated tar@6.2.1: Old versions of tar are not supported, and contain widely publicized security vulnerabilities, which have been fixed in the current version. Please update. Support for old versions may be purchased (at exorbitant rates) by contacting i@izs.me
npm warn deprecated node-domexception@1.0.0: Use your platform's native DOMException instead
npm warn deprecated @npmcli/move-file@1.1.2: This functionality has been moved to @npmcli/fs
npm warn deprecated uuid@9.0.1: uuid@10 and below is no longer supported.  For ESM codebases, update to uuid@latest.  For CommonJS codebases, use uuid@11 (but be aware this version will likely be deprecated in 2028).
npm warn deprecated uuid@9.0.1: uuid@10 and below is no longer supported.  For ESM codebases, update to uuid@latest.  For CommonJS codebases, use uuid@11 (but be aware this version will likely be deprecated in 2028).
npm warn deprecated uuid@8.3.2: uuid@10 and below is no longer supported.  For ESM codebases, update to uuid@latest.  For CommonJS codebases, use uuid@11 (but be aware this version will likely be deprecated in 2028).
npm warn deprecated uuid@9.0.1: uuid@10 and below is no longer supported.  For ESM codebases, update to uuid@latest.  For CommonJS codebases, use uuid@11 (but be aware this version will likely be deprecated in 2028).

added 657 packages, and audited 658 packages in 32s

90 packages are looking for funding
  run `npm fund` for details

12 vulnerabilities (5 low, 7 high)

To address all issues (including breaking changes), run:
  npm audit fix --force

Run `npm audit` for details.
npm notice
npm notice New major version of npm available! 10.8.2 -> 11.14.1
npm notice Changelog: https://github.com/npm/cli/releases/tag/v11.14.1
npm notice To update run: npm install -g npm@11.14.1
npm notice
Removing intermediate container 93ead6047c6a
 6a943337e04c
Step 5/7 : COPY . .
 2e6cab8f21cd
Step 6/7 : EXPOSE 5000
 Running in 20c3dfdfe327
Removing intermediate container 20c3dfdfe327
 2d1ba3cbe3ab
Step 7/7 : CMD ["npm", "start"]
 Running in 75d45c288acd
Removing intermediate container 75d45c288acd
 00e8b1a5f857
Successfully built 00e8b1a5f857
Successfully tagged gcr.io/forex-platform-69a74/wasila-backend:latest
PUSH
Pushing gcr.io/forex-platform-69a74/wasila-backend:latest
The push refers to repository [gcr.io/forex-platform-69a74/wasila-backend]
5af19bf98804: Preparing
4daf1621d910: Preparing
60365e2fd4e5: Preparing
04a60aa7081d: Preparing
afa543f85b46: Preparing
e10358715ead: Preparing
4983b93ee796: Preparing
29df493baa13: Preparing
afa543f85b46: Layer already exists
29df493baa13: Layer already exists
e10358715ead: Layer already exists
4983b93ee796: Layer already exists
60365e2fd4e5: Pushed
04a60aa7081d: Pushed
5af19bf98804: Pushed
4daf1621d910: Pushed
latest: digest: sha256:2c367dfea4bac199636ad1d1dea8f2f96eb4ca8ee2ae17b4964c6189baba99e1 size: 1996
DONE
--------------------------------------------------------------------------------
ID: b66e828d-0d3c-4f8f-8f87-a9a3e9c6bc68
CREATE_TIME: 2026-05-20T17:45:42+00:00
DURATION: 1M48S
SOURCE: gs://forex-platform-69a74_cloudbuild/source/1779299139.080128-362ec74a21444cb1af743f8e0d0d9b6e.tgz
IMAGES: gcr.io/forex-platform-69a74/wasila-backend (+1 more)
STATUS: SUCCESS
