Creating temporary archive of 31 file(s) totalling 395.2 KiB before compression.
Some files were not included in the source upload.

Check the gcloud log [C:\Users\Mohammad Ahmad\AppData\Roaming\gcloud\logs\2026.05.20\22.34.31.499163.log] to see which files and the contents of the
default gcloudignore file used (see `$ gcloud topic gcloudignore` to learn
more).

Uploading tarball of [.] to [gs://forex-platform-69a74_cloudbuild/source/1779298476.930428-e477aa2d6fb342e099850614efd1307f.tgz]
Created [https://cloudbuild.googleapis.com/v1/projects/forex-platform-69a74/locations/global/builds/2d035f6c-8427-4960-8d9c-57b001cbf0ee].
Logs are available at [ https://console.cloud.google.com/cloud-build/builds/2d035f6c-8427-4960-8d9c-57b001cbf0ee?project=340241029103 ].
Waiting for build to complete. Polling interval: 1 second(s).
----------------------------- REMOTE BUILD OUTPUT ------------------------------
starting build "2d035f6c-8427-4960-8d9c-57b001cbf0ee"

FETCHSOURCE
Fetching storage object: gs://forex-platform-69a74_cloudbuild/source/1779298476.930428-e477aa2d6fb342e099850614efd1307f.tgz#1779298483286024
Copying gs://forex-platform-69a74_cloudbuild/source/1779298476.930428-e477aa2d6fb342e099850614efd1307f.tgz#1779298483286024...
/ [0 files][    0.0 B/ 95.6 KiB]                                                / [1 files][ 95.6 KiB/ 95.6 KiB]                                                
Operation completed over 1 objects/95.6 KiB.
BUILD
Already have image (with digest): gcr.io/cloud-builders/gcb-internal
Sending build context to Docker daemon  431.1kB
Step 1/7 : FROM node:20-alpine
20-alpine: Pulling from library/node
6a0ac1617861: Already exists
4feea04c1543: Pulling fs layer
b2cbbfe903b0: Pulling fs layer
fff4e2c1b189: Pulling fs layer
b2cbbfe903b0: Verifying Checksum
b2cbbfe903b0: Download complete
fff4e2c1b189: Verifying Checksum
fff4e2c1b189: Download complete
4feea04c1543: Verifying Checksum
4feea04c1543: Download complete
4feea04c1543: Pull complete
b2cbbfe903b0: Pull complete
fff4e2c1b189: Pull complete
Digest: sha256:fb4cd12c85ee03686f6af5362a0b0d56d50c58a04632e6c0fb8363f609372293
Status: Downloaded newer image for node:20-alpine
 11cedc39e663
Step 2/7 : WORKDIR /app
 Running in 4420ebe74912
Removing intermediate container 4420ebe74912
 8239c330f3bc
Step 3/7 : COPY package*.json ./
 08c2f2ea6461
Step 4/7 : RUN npm install
 Running in 6c27a4010f34
npm warn deprecated rimraf@3.0.2: Rimraf versions prior to v4 are no longer supported
npm warn deprecated prebuild-install@7.1.3: No longer maintained. Please contact the author of the relevant native addon; alternatives are available.
npm warn deprecated npmlog@6.0.2: This package is no longer supported.
npm warn deprecated inflight@1.0.6: This module is not supported, and leaks memory. Do not use it. Check out lru-cache if you want a good and tested way to coalesce async requests by a key value, which is much more comprehensive and powerful.
npm warn deprecated glob@7.2.3: Old versions of glob are not supported, and contain widely publicized security vulnerabilities, which have been fixed in the current version. Please update. Support for old versions may be purchased (at exorbitant rates) by contacting i@izs.me
npm warn deprecated gauge@4.0.4: This package is no longer supported.
npm warn deprecated node-domexception@1.0.0: Use your platform's native DOMException instead
npm warn deprecated are-we-there-yet@3.0.1: This package is no longer supported.
npm warn deprecated tar@6.2.1: Old versions of tar are not supported, and contain widely publicized security vulnerabilities, which have been fixed in the current version. Please update. Support for old versions may be purchased (at exorbitant rates) by contacting i@izs.me
npm warn deprecated @npmcli/move-file@1.1.2: This functionality has been moved to @npmcli/fs
npm warn deprecated uuid@9.0.1: uuid@10 and below is no longer supported.  For ESM codebases, update to uuid@latest.  For CommonJS codebases, use uuid@11 (but be aware this version will likely be deprecated in 2028).
npm warn deprecated uuid@8.3.2: uuid@10 and below is no longer supported.  For ESM codebases, update to uuid@latest.  For CommonJS codebases, use uuid@11 (but be aware this version will likely be deprecated in 2028).
npm warn deprecated uuid@9.0.1: uuid@10 and below is no longer supported.  For ESM codebases, update to uuid@latest.  For CommonJS codebases, use uuid@11 (but be aware this version will likely be deprecated in 2028).
npm warn deprecated uuid@9.0.1: uuid@10 and below is no longer supported.  For ESM codebases, update to uuid@latest.  For CommonJS codebases, use uuid@11 (but be aware this version will likely be deprecated in 2028).

added 657 packages, and audited 658 packages in 26s

90 packages are looking for funding
  run `npm fund` for details

12 vulnerabilities (5 low, 7 high)

To address all issues (including breaking changes), run:
  npm audit fix --force

Run `npm audit` for details.
npm notice
npm notice New major version of npm available! 10.8.2 -> 11.14.1
npm notice Changelog: https://github.com/npm/cli/releases/tag/v11.14.1
npm notice To update run: npm install -g npm@11.14.1
npm notice
Removing intermediate container 6c27a4010f34
 ac8e97ad94c5
Step 5/7 : COPY . .
 e89a32895d1d
Step 6/7 : EXPOSE 5000
 Running in 6d7469ba5246
Removing intermediate container 6d7469ba5246
 0b12f5df5625
Step 7/7 : CMD ["npm", "start"]
 Running in 6addb91dc124
Removing intermediate container 6addb91dc124
 851d18ccf200
Successfully built 851d18ccf200
Successfully tagged gcr.io/forex-platform-69a74/wasila-backend:latest
PUSH
Pushing gcr.io/forex-platform-69a74/wasila-backend:latest
The push refers to repository [gcr.io/forex-platform-69a74/wasila-backend]
cad3180aa3aa: Preparing
1963e9662901: Preparing
60d8947748cb: Preparing
b34c2b10e39e: Preparing
afa543f85b46: Preparing
e10358715ead: Preparing
4983b93ee796: Preparing
29df493baa13: Preparing
29df493baa13: Layer already exists
e10358715ead: Layer already exists
4983b93ee796: Layer already exists
afa543f85b46: Layer already exists
60d8947748cb: Pushed
b34c2b10e39e: Pushed
cad3180aa3aa: Pushed
1963e9662901: Pushed
latest: digest: sha256:8f98d99dc2c1f7368d1ad4bbc8dfa84bd28e5a8d0995e26a0ab304ba3e985ec8 size: 1996
DONE
--------------------------------------------------------------------------------
ID: 2d035f6c-8427-4960-8d9c-57b001cbf0ee
CREATE_TIME: 2026-05-20T17:34:44+00:00
DURATION: 1M35S
SOURCE: gs://forex-platform-69a74_cloudbuild/source/1779298476.930428-e477aa2d6fb342e099850614efd1307f.tgz
IMAGES: gcr.io/forex-platform-69a74/wasila-backend (+1 more)
STATUS: SUCCESS
